\BOOKMARK [0][-]{Doc-Start}{\376\377\000L\036\335\000i\000\040\000c\000a\000m\000\040\001\021\000o\000a\000n}{}% 1
\BOOKMARK [0][-]{chapter*.1}{\376\377\000T\000h\000u\000y\036\277\000t\000\040\000m\000i\000n\000h\000\040\000c\000h\036\311\000n\000h\000\040\000s\036\355\000a\000\040\001\021\036\301\000\040\000t\000\340\000i}{}% 2
\BOOKMARK [0][-]{chapter*.2}{\376\377\000N\000h\036\255\000n\000\040\000x\000\351\000t\000\040\000c\036\347\000a\000\040\000g\000i\036\243\000n\000g\000\040\000v\000i\000\352\000n\000\040\000h\001\260\036\333\000n\000g\000\040\000d\036\253\000n}{}% 3
\BOOKMARK [0][-]{chapter*.3}{\376\377\000N\000h\036\255\000n\000\040\000x\000\351\000t\000\040\000c\036\347\000a\000\040\000g\000i\036\243\000n\000g\000\040\000v\000i\000\352\000n\000\040\000p\000h\036\243\000n\000\040\000b\000i\036\307\000n}{}% 4
\BOOKMARK [0][-]{chapter*.4}{\376\377\000L\036\335\000i\000\040\000c\036\243\000m\000\040\001\241\000n}{}% 5
\BOOKMARK [0][-]{chapter*.5}{\376\377\001\020\036\301\000\040\000c\001\260\001\241\000n\000g\000\040\000c\000h\000i\000\040\000t\000i\036\277\000t}{}% 6
\BOOKMARK [0][-]{chapter*.5}{\376\377\000M\036\345\000c\000\040\000l\036\345\000c}{}% 7
\BOOKMARK [0][-]{chapter*.8}{\376\377\000B\036\243\000n\000g\000\040\000t\000h\000u\036\255\000t\000\040\000n\000g\036\357\000\040\000v\000\340\000\040\000v\000i\036\277\000t\000\040\000t\036\257\000t}{}% 8
\BOOKMARK [0][-]{table.0.2}{\376\377\000T\000\363\000m\000\040\000t\036\257\000t}{}% 9
\BOOKMARK [0][-]{chapter.1}{\376\377\000G\000i\036\333\000i\000\040\000t\000h\000i\036\307\000u}{}% 10
\BOOKMARK [1][-]{section.1.1}{\376\377\000G\000i\036\333\000i\000\040\000t\000h\000i\036\307\000u\000\040\000b\000\340\000i\000\040\000t\000o\000\341\000n}{chapter.1}% 11
\BOOKMARK [1][-]{section.1.2}{\376\377\001\020\036\331\000n\000g\000\040\000l\036\361\000c\000\040\000n\000g\000h\000i\000\352\000n\000\040\000c\036\351\000u}{chapter.1}% 12
\BOOKMARK [1][-]{section.1.3}{\376\377\000M\036\345\000c\000\040\000t\000i\000\352\000u\000\040\000n\000g\000h\000i\000\352\000n\000\040\000c\036\351\000u}{chapter.1}% 13
\BOOKMARK [1][-]{section.1.4}{\376\377\001\020\036\321\000i\000\040\000t\001\260\036\343\000n\000g\000\040\000v\000\340\000\040\000p\000h\036\241\000m\000\040\000v\000i\000\040\000n\000g\000h\000i\000\352\000n\000\040\000c\036\351\000u}{chapter.1}% 14
\BOOKMARK [2][-]{subsection.1.4.1}{\376\377\001\020\036\321\000i\000\040\000t\001\260\036\343\000n\000g\000\040\000n\000g\000h\000i\000\352\000n\000\040\000c\036\351\000u}{section.1.4}% 15
\BOOKMARK [2][-]{subsection.1.4.2}{\376\377\000P\000h\036\241\000m\000\040\000v\000i\000\040\000n\000g\000h\000i\000\352\000n\000\040\000c\036\351\000u}{section.1.4}% 16
\BOOKMARK [1][-]{section.1.5}{\376\377\000\335\000\040\000n\000g\000h\001\051\000a\000\040\000t\000h\036\361\000c\000\040\000t\000i\036\305\000n}{chapter.1}% 17
\BOOKMARK [1][-]{section.1.6}{\376\377\001\020\000\363\000n\000g\000\040\000g\000\363\000p\000\040\000c\036\347\000a\000\040\000k\000h\000\363\000a\000\040\000l\000u\036\255\000n}{chapter.1}% 18
\BOOKMARK [1][-]{section.1.7}{\376\377\000C\036\245\000u\000\040\000t\000r\000\372\000c\000\040\000k\000h\000\363\000a\000\040\000l\000u\036\255\000n}{chapter.1}% 19
\BOOKMARK [0][-]{chapter.2}{\376\377\000C\000\341\000c\000\040\000c\000\364\000n\000g\000\040\000t\000r\000\354\000n\000h\000\040\000l\000i\000\352\000n\000\040\000q\000u\000a\000n}{}% 20
\BOOKMARK [1][-]{section.2.1}{\376\377\000H\036\315\000c\000\040\000s\000\342\000u\000\040\000c\000h\000o\000\040\000p\000h\000\342\000n\000\040\001\021\000o\036\241\000n\000\040\036\243\000n\000h\000\040\000y\000\040\000s\000i\000n\000h}{chapter.2}% 21
\BOOKMARK [1][-]{section.2.2}{\376\377\000H\036\315\000c\000\040\000m\000\341\000y\000\040\000l\001\260\036\343\000n\000g\000\040\000t\036\355\000\040\000t\000r\000o\000n\000g\000\040\000x\036\355\000\040\000l\000\375\000\040\036\243\000n\000h\000\040\000y\000\040\000t\036\277}{chapter.2}% 22
\BOOKMARK [1][-]{section.2.3}{\376\377\000M\000i\000x\000t\000u\000r\000e\000\040\000o\000f\000\040\000E\000x\000p\000e\000r\000t\000s\000\040\000t\000r\000o\000n\000g\000\040\000H\036\315\000c\000\040\000s\000\342\000u}{chapter.2}% 23
\BOOKMARK [1][-]{section.2.4}{\376\377\000M\000\364\000\040\000h\000\354\000n\000h\000\040\000k\000h\000\364\000n\000g\000\040\000g\000i\000a\000n\000\040\000t\000r\036\241\000n\000g\000\040\000t\000h\000\341\000i\000\040\000v\000\340\000\040\000M\000a\000m\000b\000a}{chapter.2}% 24
\BOOKMARK [1][-]{section.2.5}{\376\377\000K\000h\000o\036\243\000n\000g\000\040\000t\000r\036\321\000n\000g\000\040\000n\000g\000h\000i\000\352\000n\000\040\000c\036\351\000u\000\040\000v\000\340\000\040\000h\001\260\036\333\000n\000g\000\040\000t\000i\036\277\000p\000\040\000c\036\255\000n\000\040\000c\036\347\000a\000\040\000k\000h\000\363\000a\000\040\000l\000u\036\255\000n}{chapter.2}% 25
\BOOKMARK [0][-]{chapter.3}{\376\377\000C\001\241\000\040\000s\036\337\000\040\000l\000\375\000\040\000t\000h\000u\000y\036\277\000t}{}% 26
\BOOKMARK [1][-]{section.3.1}{\376\377\000B\000\340\000i\000\040\000t\000o\000\341\000n\000\040\000p\000h\000\342\000n\000\040\001\021\000o\036\241\000n\000\040\036\243\000n\000h\000\040\000y\000\040\000t\036\277}{chapter.3}% 27
\BOOKMARK [2][-]{subsection.3.1.1}{\376\377\000M\000\364\000\040\000t\036\243\000\040\000t\000o\000\341\000n\000\040\000h\036\315\000c}{section.3.1}% 28
\BOOKMARK [2][-]{subsection.3.1.2}{\376\377\000N\000h\036\357\000n\000g\000\040\000t\000h\000\341\000c\000h\000\040\000t\000h\036\351\000c\000\040\001\021\036\267\000c\000\040\000t\000h\000\371\000\040\000c\036\347\000a\000\040\000p\000h\000\342\000n\000\040\001\021\000o\036\241\000n\000\040\036\243\000n\000h\000\040\000y\000\040\000s\000i\000n\000h}{section.3.1}% 29
\BOOKMARK [2][-]{subsection.3.1.3}{\376\377\000C\000\341\000c\000\040\001\021\036\331\000\040\001\021\000o\000\040\001\021\000\341\000n\000h\000\040\000g\000i\000\341\000\040\000\050\000M\000e\000t\000r\000i\000c\000s\000\051}{section.3.1}% 30
\BOOKMARK [2][-]{subsection.3.1.4}{\376\377\000H\000\340\000m\000\040\000m\036\245\000t\000\040\000m\000\341\000t\000\040\000\050\000L\000o\000s\000s\000\040\000F\000u\000n\000c\000t\000i\000o\000n\000\051}{section.3.1}% 31
\BOOKMARK [2][-]{subsection.3.1.5}{\376\377\000K\000i\036\303\000m\000\040\001\021\036\313\000n\000h\000\040\000\375\000\040\000n\000g\000h\001\051\000a\000\040\000t\000h\036\321\000n\000g\000\040\000k\000\352}{section.3.1}% 32
\BOOKMARK [1][-]{section.3.2}{\376\377\000K\000i\036\277\000n\000\040\000t\000r\000\372\000c\000\040\000U\000-\000N\000e\000t}{chapter.3}% 33
\BOOKMARK [2][-]{subsection.3.2.1}{\376\377\000P\000h\000\351\000p\000\040\000t\000\355\000c\000h\000\040\000c\000h\036\255\000p\000\040\000v\000\340\000\040\000t\036\325\000n\000g\000\040\000h\036\343\000p\000\040\000c\036\361\000c\000\040\001\021\036\241\000i}{section.3.2}% 34
\BOOKMARK [2][-]{subsection.3.2.2}{\376\377\000N\000h\000\341\000n\000h\000\040\000m\000\343\000\040\000h\000\363\000a\000\040\000v\000\340\000\040\000n\000h\000\341\000n\000h\000\040\000g\000i\036\243\000i\000\040\000m\000\343}{section.3.2}% 35
\BOOKMARK [2][-]{subsection.3.2.3}{\376\377\000K\036\277\000t\000\040\000n\036\321\000i\000\040\000t\036\257\000t\000\040\000\050\000S\000k\000i\000p\000\040\000c\000o\000n\000n\000e\000c\000t\000i\000o\000n\000s\000\051}{section.3.2}% 36
\BOOKMARK [2][-]{subsection.3.2.4}{\376\377\000T\000\355\000c\000h\000\040\000c\000h\036\255\000p\000\040\000g\000i\000\343\000n\000\040\000n\036\337\000\040\000v\000\340\000\040\000t\000r\001\260\036\335\000n\000g\000\040\000n\000h\000\354\000n}{section.3.2}% 37
\BOOKMARK [2][-]{subsection.3.2.5}{\376\377\000T\000\355\000c\000h\000\040\000c\000h\036\255\000p\000\040\000t\000\341\000c\000h\000\040\000k\000\352\000n\000h\000\040\000v\000\340\000\040\000h\036\315\000c\000\040\000p\000h\036\247\000n\000\040\000d\001\260}{section.3.2}% 38
\BOOKMARK [1][-]{section.3.3}{\376\377\000L\000\375\000\040\000t\000h\000u\000y\036\277\000t\000\040\000t\000\355\000n\000h\000\040\000t\000o\000\341\000n\000\040\000l\001\260\036\343\000n\000g\000\040\000t\036\355}{chapter.3}% 39
\BOOKMARK [2][-]{subsection.3.3.1}{\376\377\000S\036\321\000\040\000p\000h\036\351\000c\000:\000\040\000n\036\301\000n\000\040\000t\036\243\000n\000g\000\040\000t\000o\000\341\000n\000\040\000h\036\315\000c\000\040\000c\000h\000o\000\040\000b\000i\000\352\000n\000\040\001\021\036\331\000\040\000l\001\260\036\343\000n\000g\000\040\000t\036\355}{section.3.3}% 40
\BOOKMARK [2][-]{subsection.3.3.2}{\376\377\000K\000h\000\364\000n\000g\000\040\000g\000i\000a\000n\000\040\000H\000i\000l\000b\000e\000r\000t\000\040\000v\000\340\000\040\000Q\000u\000b\000i\000t}{section.3.3}% 41
\BOOKMARK [2][-]{subsection.3.3.3}{\376\377\000C\036\325\000n\000g\000\040\000l\001\260\036\343\000n\000g\000\040\000t\036\355\000\040\000\050\000Q\000u\000a\000n\000t\000u\000m\000\040\000G\000a\000t\000e\000s\000\051}{section.3.3}% 42
\BOOKMARK [2][-]{subsection.3.3.4}{\376\377\000P\000h\000\351\000p\000\040\001\021\000o\000\040\000l\001\260\036\343\000n\000g\000\040\000t\036\355\000\040\000\050\000M\000e\000a\000s\000u\000r\000e\000m\000e\000n\000t\000\051}{section.3.3}% 43
\BOOKMARK [1][-]{section.3.4}{\376\377\000M\000\364\000\040\000h\000\354\000n\000h\000\040\000H\036\315\000c\000\040\000m\000\341\000y\000\040\000l\001\260\036\343\000n\000g\000\040\000t\036\355\000\040\000\050\000Q\000M\000L\000\051}{chapter.3}% 44
\BOOKMARK [2][-]{subsection.3.4.1}{\376\377\000M\000\364\000\040\000h\000\354\000n\000h\000\040\000l\000a\000i\000\040\000l\001\260\036\343\000n\000g\000\040\000t\036\355\000\040\040\023\000\040\000c\036\325\000\040\001\021\000i\036\303\000n}{section.3.4}% 45
\BOOKMARK [2][-]{subsection.3.4.2}{\376\377\000M\000\343\000\040\000h\000\363\000a\000\040\000d\036\357\000\040\000l\000i\036\307\000u\000\040\000\050\000D\000a\000t\000a\000\040\000E\000n\000c\000o\000d\000i\000n\000g\000\051}{section.3.4}% 46
\BOOKMARK [2][-]{subsection.3.4.3}{\376\377\000G\000\363\000c\000\040\000n\000h\000\354\000n\000\040\000\341\000n\000h\000\040\000x\036\241\000\040\001\021\036\267\000c\000\040\000t\000r\001\260\000n\000g\000\040\000l\001\260\036\343\000n\000g\000\040\000t\036\355}{section.3.4}% 47
\BOOKMARK [2][-]{subsection.3.4.4}{\376\377\000M\036\241\000c\000h\000\040\000l\001\260\036\343\000n\000g\000\040\000t\036\355\000\040\000t\000h\000a\000m\000\040\000s\036\321\000\040\000h\000\363\000a\000\040\000\050\000P\000Q\000C\000/\000A\000n\000s\000a\000t\000z\000\051}{section.3.4}% 48
\BOOKMARK [2][-]{subsection.3.4.5}{\376\377\000Q\000u\000y\000\040\000t\036\257\000c\000\040\000d\036\313\000c\000h\000\040\000t\000h\000a\000m\000\040\000s\036\321\000\040\000\050\000P\000a\000r\000a\000m\000e\000t\000e\000r\000-\000S\000h\000i\000f\000t\000\040\000R\000u\000l\000e\000\051}{section.3.4}% 49
\BOOKMARK [2][-]{subsection.3.4.6}{\376\377\000C\000a\000o\000\040\000n\000g\000u\000y\000\352\000n\000\040\000c\036\261\000n\000\040\000c\036\327\000i\000\040\000v\000\340\000\040\000c\000h\000i\036\277\000n\000\040\000l\001\260\036\343\000c\000\040\000g\000i\036\243\000m\000\040\000t\000h\000i\036\303\000u}{section.3.4}% 50
\BOOKMARK [2][-]{subsection.3.4.7}{\376\377\000B\036\321\000i\000\040\000c\036\243\000n\000h\000\040\000c\000\341\000c\000\040\000h\001\260\036\333\000n\000g\000\040\000t\000i\036\277\000p\000\040\000c\036\255\000n\000\040\000Q\000M\000L\000\040\000v\000\340\000\040\000l\036\361\000a\000\040\000c\000h\036\315\000n\000\040\000k\000i\036\277\000n\000\040\000t\000r\000\372\000c\000\040\000l\000a\000i}{section.3.4}% 51
\BOOKMARK [1][-]{section.3.5}{\376\377\000M\000i\000x\000t\000u\000r\000e\000\040\000o\000f\000\040\000E\000x\000p\000e\000r\000t\000s\000\040\000\050\000M\000o\000E\000\051}{chapter.3}% 52
\BOOKMARK [2][-]{subsection.3.5.1}{\376\377\000K\000i\036\277\000n\000\040\000t\000r\000\372\000c\000\040\000M\000o\000E\000\040\000t\036\325\000n\000g\000\040\000q\000u\000\341\000t}{section.3.5}% 53
\BOOKMARK [2][-]{subsection.3.5.2}{\376\377\000C\001\241\000\040\000c\000h\036\277\000\040\001\021\036\313\000n\000h\000\040\000t\000u\000y\036\277\000n\000\040\000\050\000R\000o\000u\000t\000i\000n\000g\000\051}{section.3.5}% 54
\BOOKMARK [2][-]{subsection.3.5.3}{\376\377\000V\036\245\000n\000\040\001\021\036\301\000\040\000s\036\345\000p\000\040\001\021\036\325\000\040\000n\000h\000\341\000n\000h\000\040\000x\036\355\000\040\000l\000\375\000\040\000\050\000E\000x\000p\000e\000r\000t\000\040\000C\000o\000l\000l\000a\000p\000s\000e\000\051}{section.3.5}% 55
\BOOKMARK [2][-]{subsection.3.5.4}{\376\377\001\020\000o\000\040\000l\001\260\036\335\000n\000g\000\040\000v\000\340\000\040\000k\000i\036\303\000m\000\040\001\021\036\313\000n\000h\000\040\000c\000\342\000n\000\040\000b\036\261\000n\000g\000\040\001\021\036\313\000n\000h\000\040\000t\000u\000y\036\277\000n}{section.3.5}% 56
\BOOKMARK [1][-]{section.3.6}{\376\377\000M\000\364\000\040\000h\000\354\000n\000h\000\040\000k\000h\000\364\000n\000g\000\040\000g\000i\000a\000n\000\040\000t\000r\036\241\000n\000g\000\040\000t\000h\000\341\000i\000\040\000v\000\340\000\040\000c\001\241\000\040\000c\000h\036\277\000\040\000q\000u\000\351\000t\000\040\000c\000h\036\315\000n\000\040\000l\036\315\000c\000\040\000\050\000M\000a\000m\000b\000a\000\051}{chapter.3}% 57
\BOOKMARK [2][-]{subsection.3.6.1}{\376\377\000M\000\364\000\040\000h\000\354\000n\000h\000\040\000k\000h\000\364\000n\000g\000\040\000g\000i\000a\000n\000\040\000t\000r\036\241\000n\000g\000\040\000t\000h\000\341\000i\000\040\000l\000i\000\352\000n\000\040\000t\036\345\000c}{section.3.6}% 58
\BOOKMARK [2][-]{subsection.3.6.2}{\376\377\000R\036\335\000i\000\040\000r\036\241\000c\000\040\000h\000\363\000a}{section.3.6}% 59
\BOOKMARK [2][-]{subsection.3.6.3}{\376\377\000C\001\241\000\040\000c\000h\036\277\000\040\000c\000h\036\315\000n\000\040\000l\036\315\000c\000\040\000\050\000S\000e\000l\000e\000c\000t\000i\000v\000e\000\040\000S\000c\000a\000n\000\051}{section.3.6}% 60
\BOOKMARK [1][-]{section.3.7}{\376\377\000T\000r\000\355\000\040\000t\000u\036\307\000\040\000n\000h\000\342\000n\000\040\000t\036\241\000o\000\040\000k\000h\036\243\000\040\000g\000i\036\243\000i\000\040\000t\000h\000\355\000c\000h\000\040\000v\000\340\000\040\000S\000e\000g\000-\000G\000r\000a\000d\000-\000C\000A\000M}{chapter.3}% 61
\BOOKMARK [2][-]{subsection.3.7.1}{\376\377\000K\000h\000\341\000i\000\040\000n\000i\036\307\000m\000,\000\040\000p\000h\000\342\000n\000\040\000l\000o\036\241\000i\000\040\000v\000\340\000\040\000v\036\313\000\040\000t\000r\000\355\000\040\000c\036\347\000a\000\040\000S\000e\000g\000-\000G\000r\000a\000d\000-\000C\000A\000M}{section.3.7}% 62
\BOOKMARK [2][-]{subsection.3.7.2}{\376\377\000S\000o\000\040\000s\000\341\000n\000h\000\040\000l\000\375\000\040\000t\000h\000u\000y\036\277\000t\000\040\000m\036\331\000t\000\040\000s\036\321\000\040\000k\036\371\000\040\000t\000h\000u\036\255\000t\000\040\000C\000A\000M\000\040\000d\036\361\000a\000\040\000t\000r\000\352\000n\000\040\000g\000r\000a\000d\000i\000e\000n\000t}{section.3.7}% 63
\BOOKMARK [2][-]{subsection.3.7.3}{\376\377\000S\000e\000g\000-\000G\000r\000a\000d\000-\000C\000A\000M\000\040\000c\000h\000o\000\040\000b\000\340\000i\000\040\000t\000o\000\341\000n\000\040\000p\000h\000\342\000n\000\040\001\021\000o\036\241\000n}{section.3.7}% 64
\BOOKMARK [2][-]{subsection.3.7.4}{\376\377\000D\000i\036\305\000n\000\040\000g\000i\036\243\000i\000\040\000m\000\364\000\040\000h\000\354\000n\000h\000\040\000l\000a\000i\000\040\000l\001\260\036\343\000n\000g\000\040\000t\036\355\000\040\040\023\000\040\000c\036\325\000\040\001\021\000i\036\303\000n}{section.3.7}% 65
\BOOKMARK [2][-]{subsection.3.7.5}{\376\377\000C\000\341\000c\000\040\001\021\036\331\000\040\001\021\000o\000\040\001\021\036\313\000n\000h\000\040\000l\001\260\036\343\000n\000g\000\040\001\021\000\341\000n\000h\000\040\000g\000i\000\341\000\040\000k\000h\036\243\000\040\000n\001\003\000n\000g\000\040\000d\000i\036\305\000n\000\040\000g\000i\036\243\000i}{section.3.7}% 66
\BOOKMARK [0][-]{chapter.4}{\376\377\000P\000h\001\260\001\241\000n\000g\000\040\000p\000h\000\341\000p\000\040\001\021\036\301\000\040\000x\000u\036\245\000t}{}% 67
\BOOKMARK [1][-]{section.4.1}{\376\377\000T\036\325\000n\000g\000\040\000q\000u\000a\000n\000\040\000k\000i\036\277\000n\000\040\000t\000r\000\372\000c\000\040\000v\000\340\000\040\000n\000g\000u\000y\000\352\000n\000\040\000t\036\257\000c\000\040\000t\000h\000i\036\277\000t\000\040\000k\036\277}{chapter.4}% 68
\BOOKMARK [1][-]{section.4.2}{\376\377\000P\000h\000\342\000n\000\040\000t\000\355\000c\000h\000\040\000v\000\340\000\040\000l\036\361\000a\000\040\000c\000h\036\315\000n\000\040\000t\000h\000\340\000n\000h\000\040\000p\000h\036\247\000n}{chapter.4}% 69
\BOOKMARK [2][-]{subsection.4.2.1}{\376\377\000L\036\361\000a\000\040\000c\000h\036\315\000n\000\040\000b\036\331\000\040\000k\000h\000u\000n\000g}{section.4.2}% 70
\BOOKMARK [2][-]{subsection.4.2.2}{\376\377\000L\036\361\000a\000\040\000c\000h\036\315\000n\000\040\000k\000h\036\321\000i\000\040\000t\000\355\000c\000h\000\040\000c\000h\036\255\000p\000\040\001\021\000a\000\040\000t\036\367\000\040\000l\036\307\000\040\000R\000D\000M\000S}{section.4.2}% 71
\BOOKMARK [2][-]{subsection.4.2.3}{\376\377\000L\036\361\000a\000\040\000c\000h\036\315\000n\000\040\000c\001\241\000\040\000c\000h\036\277\000\040\000m\000\343\000\040\000h\000\363\000a\000\040\000d\036\357\000\040\000l\000i\036\307\000u}{section.4.2}% 72
\BOOKMARK [2][-]{subsection.4.2.4}{\376\377\000L\036\361\000a\000\040\000c\000h\036\315\000n\000\040\000p\000h\001\260\001\241\000n\000g\000\040\000p\000h\000\341\000p\000\040\001\021\000o\000\040\000l\001\260\036\335\000n\000g}{section.4.2}% 73
\BOOKMARK [2][-]{subsection.4.2.5}{\376\377\000L\000\375\000\040\000d\000o\000\040\000b\036\325\000\040\000s\000u\000n\000g\000\040\000k\000h\036\321\000i\000\040\000L\000S\000S}{section.4.2}% 74
\BOOKMARK [1][-]{section.4.3}{\376\377\000B\036\331\000\040\000k\000h\000u\000n\000g\000\040\000c\036\325\000\040\001\021\000i\036\303\000n\000\040\000v\000\340\000\040\000k\000h\036\321\000i\000\040\000R\000D\000M\000S}{chapter.4}% 75
\BOOKMARK [1][-]{section.4.4}{\376\377\000K\000h\036\321\000i\000\040\000Q\000u\000a\000n\000t\000u\000m\000M\000o\000E\000\040\000\050\000Q\000u\000a\000n\000t\000u\000m\000\040\000M\000i\000x\000t\000u\000r\000e\000\040\000o\000f\000\040\000E\000x\000p\000e\000r\000t\000s\000\051}{chapter.4}% 76
\BOOKMARK [2][-]{subsection.4.4.1}{\376\377\000N\000h\000\341\000n\000h\000\040\000x\036\355\000\040\000l\000\375\000\040\000l\001\260\036\343\000n\000g\000\040\000t\036\355\000\040\000\050\000Q\000u\000a\000n\000t\000u\000m\000E\000x\000p\000e\000r\000t\000\051}{section.4.4}% 77
\BOOKMARK [2][-]{subsection.4.4.2}{\376\377\000M\036\241\000c\000h\000\040\000l\001\260\036\343\000n\000g\000\040\000t\036\355\000\040\000t\000h\000a\000m\000\040\000s\036\321\000\040\000h\000\363\000a\000\040\000d\000\371\000n\000g\000\040\000c\000h\000u\000n\000g\000\040\000\050\000P\000Q\000C\000E\000x\000p\000e\000r\000t\000\051}{section.4.4}% 78
\BOOKMARK [2][-]{subsection.4.4.3}{\376\377\000B\000a\000\040\000n\000h\000\341\000n\000h\000\040\000x\036\355\000\040\000l\000\375\000\040\001\021\000a\000\040\000t\036\367\000\040\000l\036\307}{section.4.4}% 79
\BOOKMARK [2][-]{subsection.4.4.4}{\376\377\000T\000\341\000i\000\040\000t\036\325\000\040\000h\036\343\000p\000\040\000o\000v\000e\000r\000l\000a\000p\000-\000a\000d\000d}{section.4.4}% 80
\BOOKMARK [2][-]{subsection.4.4.5}{\376\377\000M\036\241\000n\000g\000\040\001\021\036\313\000n\000h\000\040\000t\000u\000y\036\277\000n\000\040\000v\000\340\000\040\000k\036\277\000t\000\040\000n\036\321\000i\000\040\000r\000e\000s\000i\000d\000u\000a\000l\000\040\000\050\000R\000o\000u\000t\000e\000r\000\051}{section.4.4}% 81
\BOOKMARK [1][-]{section.4.5}{\376\377\000K\000h\036\321\000i\000\040\000L\000S\000S\000\040\000t\036\241\000i\000\040\000n\000\372\000t\000\040\000t\000h\036\257\000t\000\040\000c\036\325\000\040\000c\000h\000a\000i}{chapter.4}% 82
\BOOKMARK [1][-]{section.4.6}{\376\377\000K\036\277\000t\000\040\000h\036\343\000p\000\040\000t\000o\000\340\000n\000\040\000b\036\331\000\040\000k\000i\036\277\000n\000\040\000t\000r\000\372\000c\000\040\000H\000Q\000M\000o\000S\000S\000-\000N\000e\000t}{chapter.4}% 83
\BOOKMARK [1][-]{section.4.7}{\376\377\000K\000h\000\364\000n\000g\000\040\000g\000i\000a\000n\000\040\000t\000h\000i\036\277\000t\000\040\000k\036\277\000:\000\040\000t\000\341\000m\000\040\000c\036\245\000u\000\040\000h\000\354\000n\000h\000\040\000t\000h\036\361\000c\000\040\000n\000g\000h\000i\036\307\000m}{chapter.4}% 84
\BOOKMARK [1][-]{section.4.8}{\376\377\000P\000h\000\342\000n\000\040\000t\000\355\000c\000h\000\040\000t\000o\000\341\000n\000\040\000h\036\315\000c\000\040\000c\036\347\000a\000\040\000k\000i\036\277\000n\000\040\000t\000r\000\372\000c}{chapter.4}% 85
\BOOKMARK [2][-]{subsection.4.8.1}{\376\377\000M\000\364\000\040\000h\000\354\000n\000h\000\040\000n\000h\001\260\000\040\000m\036\331\000t\000\040\000\341\000n\000h\000\040\000x\036\241\000\040\000h\036\343\000p\000\040\000t\000h\000\340\000n\000h}{section.4.8}% 86
\BOOKMARK [2][-]{subsection.4.8.2}{\376\377\000V\000\354\000\040\000s\000a\000o\000\040\000m\000\343\000\040\000h\000\363\000a\000\040\000b\000i\000\352\000n\000\040\001\021\036\331\000\040\000g\000i\000\340\000u\000\040\000b\000i\036\303\000u\000\040\000d\000i\036\305\000n}{section.4.8}% 87
\BOOKMARK [2][-]{subsection.4.8.3}{\376\377\000R\000o\000u\000t\000e\000r\000\040\000n\000h\001\260\000\040\000t\000r\000u\000n\000g\000\040\000b\000\354\000n\000h\000\040\000h\000\363\000a\000\040\000l\036\323\000i\000\040\000t\000h\000e\000o\000\040\001\021\000i\036\303\000m\000\040\036\243\000n\000h}{section.4.8}% 88
\BOOKMARK [2][-]{subsection.4.8.4}{\376\377\000L\000S\000S\000\040\000n\000h\001\260\000\040\000b\036\331\000\040\000l\036\315\000c\000\040\000I\000I\000R\000\040\000c\000\363\000\040\000c\036\325\000n\000g}{section.4.8}% 89
\BOOKMARK [1][-]{section.4.9}{\376\377\000P\000h\000\342\000n\000\040\000t\000\355\000c\000h\000\040\001\021\036\331\000\040\000p\000h\036\351\000c\000\040\000t\036\241\000p\000\040\000t\000\355\000n\000h\000\040\000t\000o\000\341\000n\000\040\000v\000\340\000\040\000h\000i\036\307\000u\000\040\000q\000u\036\243\000\040\000t\000h\000a\000m\000\040\000s\036\321}{chapter.4}% 90
\BOOKMARK [2][-]{subsection.4.9.1}{\376\377\000S\036\321\000\040\000l\036\247\000n\000\040\001\021\000\341\000n\000h\000\040\000g\000i\000\341\000\040\000m\036\241\000c\000h\000\040\000v\000\340\000\040\001\021\036\331\000\040\000p\000h\036\351\000c\000\040\000t\036\241\000p\000\040\000m\000\364\000\040\000p\000h\036\317\000n\000g}{section.4.9}% 91
\BOOKMARK [2][-]{subsection.4.9.2}{\376\377\000H\000i\036\307\000u\000\040\000q\000u\036\243\000\040\000t\000h\000a\000m\000\040\000s\036\321\000\040\000c\036\347\000a\000\040\000t\000h\000\340\000n\000h\000\040\000p\000h\036\247\000n\000\040\000l\001\260\036\343\000n\000g\000\040\000t\036\355}{section.4.9}% 92
\BOOKMARK [2][-]{subsection.4.9.3}{\376\377\000T\000\355\000c\000h\000\040\000h\036\343\000p\000\040\000v\000i\000\040\000p\000h\000\342\000n\000\040\000t\036\361\000\040\001\021\036\331\000n\000g}{section.4.9}% 93
\BOOKMARK [1][-]{section.4.10}{\376\377\000H\000\340\000m\000\040\000m\036\245\000t\000\040\000m\000\341\000t\000\040\000v\000\340\000\040\000c\036\245\000u\000\040\000h\000\354\000n\000h\000\040\000t\036\321\000i\000\040\001\260\000u}{chapter.4}% 94
\BOOKMARK [1][-]{section.4.11}{\376\377\000C\000\341\000c\000\040\000m\000\364\000\040\000h\000\354\000n\000h\000\040\000c\001\241\000\040\000s\036\337\000\040\000v\000\340\000\040\000c\000h\000i\036\277\000n\000\040\000l\001\260\036\343\000c\000\040\000s\000o\000\040\000s\000\341\000n\000h}{chapter.4}% 95
\BOOKMARK [1][-]{section.4.12}{\376\377\000C\000h\000i\036\277\000n\000\040\000l\001\260\036\343\000c\000\040\000d\000i\036\305\000n\000\040\000g\000i\036\243\000i\000\040\000m\000\364\000\040\000h\000\354\000n\000h\000\040\000b\036\261\000n\000g\000\040\000S\000e\000g\000-\000G\000r\000a\000d\000-\000C\000A\000M}{chapter.4}% 96
\BOOKMARK [1][-]{section.4.13}{\376\377\000T\036\325\000n\000g\000\040\000h\036\343\000p\000\040\000l\036\255\000p\000\040\000l\000u\036\255\000n\000\040\000t\000h\000i\036\277\000t\000\040\000k\036\277\000:\000\040\000v\000\354\000\040\000s\000a\000o\000\040\000m\036\327\000i\000\040\000l\036\361\000a\000\040\000c\000h\036\315\000n\000\040\000d\036\253\000n\000\040\000t\036\333\000i\000\040\000k\036\277\000t\000\040\000q\000u\036\243}{chapter.4}% 97
\BOOKMARK [0][-]{chapter.5}{\376\377\000T\000h\036\361\000c\000\040\000n\000g\000h\000i\036\307\000m\000\040\000v\000\340\000\040\000K\036\277\000t\000\040\000q\000u\036\243}{}% 98
\BOOKMARK [1][-]{section.5.1}{\376\377\000T\036\255\000p\000\040\000d\036\357\000\040\000l\000i\036\307\000u}{chapter.5}% 99
\BOOKMARK [2][-]{subsection.5.1.1}{\376\377\000T\036\255\000p\000\040\000d\036\357\000\040\000l\000i\036\307\000u\000\040\000P\000H\0002\000\040\000\050\000p\000h\000\342\000n\000\040\001\021\000o\036\241\000n\000\040\000t\036\325\000n\000\040\000t\000h\001\260\001\241\000n\000g\000\040\000d\000a\000\051}{section.5.1}% 100
\BOOKMARK [2][-]{subsection.5.1.2}{\376\377\000T\036\255\000p\000\040\000d\036\357\000\040\000l\000i\036\307\000u\000\040\000G\000l\000a\000S\000\040\0002\0000\0001\0005\000\040\000\050\000p\000h\000\342\000n\000\040\001\021\000o\036\241\000n\000\040\000t\000u\000y\036\277\000n\000\040\000t\000r\000o\000n\000g\000\040\000m\000\364\000\040\000h\036\315\000c\000\051}{section.5.1}% 101
\BOOKMARK [1][-]{section.5.2}{\376\377\000C\000\340\000i\000\040\001\021\036\267\000t\000\040\000m\000\364\000i\000\040\000t\000r\001\260\036\335\000n\000g\000\040\000t\000h\036\361\000c\000\040\000n\000g\000h\000i\036\307\000m}{chapter.5}% 102
\BOOKMARK [1][-]{section.5.3}{\376\377\000C\000\341\000c\000\040\001\021\036\331\000\040\001\021\000o\000\040\001\021\000\341\000n\000h\000\040\000g\000i\000\341}{chapter.5}% 103
\BOOKMARK [1][-]{section.5.4}{\376\377\000Q\000u\000y\000\040\000t\000r\000\354\000n\000h\000\040\000h\000u\036\245\000n\000\040\000l\000u\000y\036\307\000n\000\040\000v\000\340\000\040\001\021\000\341\000n\000h\000\040\000g\000i\000\341}{chapter.5}% 104
\BOOKMARK [1][-]{section.5.5}{\376\377\000S\000o\000\040\000s\000\341\000n\000h\000\040\000v\036\333\000i\000\040\000c\000\341\000c\000\040\000m\000\364\000\040\000h\000\354\000n\000h\000\040\000c\001\241\000\040\000s\036\337}{chapter.5}% 105
\BOOKMARK [2][-]{subsection.5.5.1}{\376\377\000K\036\277\000t\000\040\000q\000u\036\243\000\040\000t\000r\000\352\000n\000\040\000t\036\255\000p\000\040\000P\000H\0002}{section.5.5}% 106
\BOOKMARK [2][-]{subsection.5.5.2}{\376\377\000K\036\277\000t\000\040\000q\000u\036\243\000\040\000t\000r\000\352\000n\000\040\000t\036\255\000p\000\040\000G\000l\000a\000S\000\040\0002\0000\0001\0005}{section.5.5}% 107
\BOOKMARK [1][-]{section.5.6}{\376\377\000P\000h\000\342\000n\000\040\000t\000\355\000c\000h\000\040\000b\000\363\000c\000\040\000t\000\341\000c\000h\000\040\000\050\000A\000b\000l\000a\000t\000i\000o\000n\000\040\000S\000t\000u\000d\000y\000\051}{chapter.5}% 108
\BOOKMARK [2][-]{subsection.5.6.1}{\376\377\001\020\000\363\000n\000g\000\040\000g\000\363\000p\000\040\000c\036\347\000a\000\040\000t\036\353\000n\000g\000\040\000t\000h\000\340\000n\000h\000\040\000p\000h\036\247\000n\000\040\000\050\000R\000D\000M\000S\000,\000\040\000Q\000u\000M\000o\000E\000,\000\040\000L\000S\000S\000\051}{section.5.6}% 109
\BOOKMARK [2][-]{subsection.5.6.2}{\376\377\036\242\000n\000h\000\040\000h\001\260\036\337\000n\000g\000\040\000c\036\347\000a\000\040\000s\036\321\000\040\000l\036\333\000p\000\040\000m\036\241\000c\000h\000\040\000l\001\260\036\343\000n\000g\000\040\000t\036\355}{section.5.6}% 110
\BOOKMARK [2][-]{subsection.5.6.3}{\376\377\001\020\036\321\000i\000\040\000c\000h\036\351\000n\000g\000\040\000c\036\325\000\040\001\021\000i\036\303\000n\000:\000\040\000Q\000u\000a\000n\000t\000u\000m\000M\000o\000E\000\040\000s\000o\000\040\000v\036\333\000i\000\040\000C\000l\000a\000s\000s\000i\000c\000a\000l\000\040\000M\000o\000E}{section.5.6}% 111
\BOOKMARK [1][-]{section.5.7}{\376\377\000K\000i\036\303\000m\000\040\001\021\036\313\000n\000h\000\040\000\375\000\040\000n\000g\000h\001\051\000a\000\040\000t\000h\036\321\000n\000g\000\040\000k\000\352}{chapter.5}% 112
\BOOKMARK [1][-]{section.5.8}{\376\377\000P\000h\000\342\000n\000\040\000t\000\355\000c\000h\000\040\000c\000\342\000n\000\040\000b\036\261\000n\000g\000\040\001\021\036\313\000n\000h\000\040\000t\000u\000y\036\277\000n\000\040\000\050\000R\000o\000u\000t\000e\000r\000\040\000L\000o\000a\000d\000\040\000B\000a\000l\000a\000n\000c\000i\000n\000g\000\051}{chapter.5}% 113
\BOOKMARK [1][-]{section.5.9}{\376\377\000S\000o\000\040\000s\000\341\000n\000h\000\040\001\021\036\313\000n\000h\000\040\000t\000\355\000n\000h}{chapter.5}% 114
\BOOKMARK [1][-]{section.5.10}{\376\377\000P\000h\000\342\000n\000\040\000t\000\355\000c\000h\000\040\000d\000i\036\305\000n\000\040\000g\000i\036\243\000i\000\040\000m\000\364\000\040\000h\000\354\000n\000h\000\040\000\050\000E\000x\000p\000l\000a\000i\000n\000a\000b\000l\000e\000\040\000A\000I\000\051}{chapter.5}% 115
\BOOKMARK [2][-]{subsection.5.10.1}{\376\377\000P\000h\001\260\001\241\000n\000g\000\040\000p\000h\000\341\000p\000\040\000l\000u\036\255\000n}{section.5.10}% 116
\BOOKMARK [2][-]{subsection.5.10.2}{\376\377\000K\036\277\000t\000\040\000q\000u\036\243\000\040\001\021\036\313\000n\000h\000\040\000l\001\260\036\343\000n\000g\000\040\000k\000h\036\243\000\040\000n\001\003\000n\000g\000\040\000d\000i\036\305\000n\000\040\000g\000i\036\243\000i}{section.5.10}% 117
\BOOKMARK [2][-]{subsection.5.10.3}{\376\377\000M\000i\000n\000h\000\040\000h\036\315\000a\000\040\001\021\036\313\000n\000h\000\040\000t\000\355\000n\000h}{section.5.10}% 118
\BOOKMARK [1][-]{section.5.11}{\376\377\000T\000h\036\243\000o\000\040\000l\000u\036\255\000n}{chapter.5}% 119
\BOOKMARK [0][-]{chapter.6}{\376\377\000K\036\277\000t\000\040\000l\000u\036\255\000n\000\040\000v\000\340\000\040\000h\001\260\036\333\000n\000g\000\040\000p\000h\000\341\000t\000\040\000t\000r\000i\036\303\000n}{}% 120
\BOOKMARK [1][-]{section.6.1}{\376\377\000K\036\277\000t\000\040\000l\000u\036\255\000n}{chapter.6}% 121
\BOOKMARK [2][-]{subsection.6.1.1}{\376\377\001\020\000\341\000n\000h\000\040\000g\000i\000\341\000\040\000m\036\351\000c\000\040\001\021\036\331\000\040\000h\000o\000\340\000n\000\040\000t\000h\000\340\000n\000h\000\040\000c\000\341\000c\000\040\001\021\000\363\000n\000g\000\040\000g\000\363\000p}{section.6.1}% 122
\BOOKMARK [1][-]{section.6.2}{\376\377\000H\036\241\000n\000\040\000c\000h\036\277\000\040\000c\036\347\000a\000\040\001\021\036\301\000\040\000t\000\340\000i}{chapter.6}% 123
\BOOKMARK [1][-]{section.6.3}{\376\377\000H\001\260\036\333\000n\000g\000\040\000p\000h\000\341\000t\000\040\000t\000r\000i\036\303\000n\000\040\000t\000r\000o\000n\000g\000\040\000t\001\260\001\241\000n\000g\000\040\000l\000a\000i}{chapter.6}% 124
\BOOKMARK [0][-]{section.6.3}{\376\377\000D\000a\000n\000h\000\040\000m\036\345\000c\000\040\000c\000\364\000n\000g\000\040\000t\000r\000\354\000n\000h\000\040\000c\036\347\000a\000\040\000t\000\341\000c\000\040\000g\000i\036\243}{}% 125
\BOOKMARK [0][-]{chapter*.11}{\376\377\000T\000\340\000i\000\040\000l\000i\036\307\000u\000\040\000t\000h\000a\000m\000\040\000k\000h\036\243\000o}{}% 126
